
L:\New Restauraunt Pos\src\RestaurantPOS14\RestaurantPOS14\RPOS_DBDataSet1.vb(47944,29): warning BC40003: property 'Item' shadows an overloadable member declared in the base class 'DataRow'.  If you want to overload the base method, this method must be declared 'Overloads'. [L:\New Restauraunt Pos\src\RestaurantPOS14\RestaurantPOS14.vbproj]
L:\New Restauraunt Pos\src\RestaurantPOS14\RestaurantPOS14\frmPizza.vb(160,20): warning BC40054: 'Public Sub New()' in designer-generated type 'frmPizza' should call InitializeComponent method. [L:\New Restauraunt Pos\src\RestaurantPOS14\RestaurantPOS14.vbproj]
L:\New Restauraunt Pos\src\RestaurantPOS14\RestaurantPOS14\frmPizzaToppingsExportImport.vb(323,20): warning BC40054: 'Public Sub New()' in designer-generated type 'frmPizzaToppingsExportImport' should call InitializeComponent method. [L:\New Restauraunt Pos\src\RestaurantPOS14\RestaurantPOS14.vbproj]
L:\New Restauraunt Pos\src\RestaurantPOS14\RestaurantPOS14\frmPizzaModifiersList.vb(423,20): warning BC40054: 'Public Sub New()' in designer-generated type 'frmPizzaModifiersList' should call InitializeComponent method. [L:\New Restauraunt Pos\src\RestaurantPOS14\RestaurantPOS14.vbproj]
L:\New Restauraunt Pos\src\RestaurantPOS14\RestaurantPOS14\frmPizzaModifiersList_AutoPopUp.vb(423,20): warning BC40054: 'Public Sub New()' in designer-generated type 'frmPizzaModifiersList_AutoPopUp' should call InitializeComponent method. [L:\New Restauraunt Pos\src\RestaurantPOS14\RestaurantPOS14.vbproj]
L:\New Restauraunt Pos\src\RestaurantPOS14\RestaurantPOS14\frmPizzaMaster.vb(725,20): warning BC40054: 'Public Sub New()' in designer-generated type 'frmPizzaMaster' should call InitializeComponent method. [L:\New Restauraunt Pos\src\RestaurantPOS14\RestaurantPOS14.vbproj]
L:\New Restauraunt Pos\src\RestaurantPOS14\RestaurantPOS14\frmPizzaSize.vb(331,20): warning BC40054: 'Public Sub New()' in designer-generated type 'frmPizzaSize' should call InitializeComponent method. [L:\New Restauraunt Pos\src\RestaurantPOS14\RestaurantPOS14.vbproj]
L:\New Restauraunt Pos\src\RestaurantPOS14\RestaurantPOS14\frmPizzasExportImport.vb(347,20): warning BC40054: 'Public Sub New()' in designer-generated type 'frmPizzasExportImport' should call InitializeComponent method. [L:\New Restauraunt Pos\src\RestaurantPOS14\RestaurantPOS14.vbproj]
L:\New Restauraunt Pos\src\RestaurantPOS14\RestaurantPOS14\frmPizzaModifiers.vb(685,20): warning BC40054: 'Public Sub New()' in designer-generated type 'frmPizzaModifiers' should call InitializeComponent method. [L:\New Restauraunt Pos\src\RestaurantPOS14\RestaurantPOS14.vbproj]
L:\New Restauraunt Pos\src\RestaurantPOS14\RestaurantPOS14\frmPizzaToppings.vb(669,20): warning BC40054: 'Public Sub New()' in designer-generated type 'frmPizzaToppings' should call InitializeComponent method. [L:\New Restauraunt Pos\src\RestaurantPOS14\RestaurantPOS14.vbproj]
L:\New Restauraunt Pos\src\RestaurantPOS14\RestaurantPOS14\frmSystemInfo.vb(970,20): warning BC40000: 'Public Shared Overloads Function GetHostByName(hostName As String) As IPHostEntry' is obsolete: 'GetHostByName is obsoleted for this type, please use GetHostEntry instead. http://go.microsoft.com/fwlink/?linkid=14202'. [L:\New Restauraunt Pos\src\RestaurantPOS14\RestaurantPOS14.vbproj]
L:\New Restauraunt Pos\src\RestaurantPOS14\RestaurantPOS14\frmPizzaPOS.vb(855,20): warning BC40054: 'Public Sub New()' in designer-generated type 'frmPizzaPOS' should call InitializeComponent method. [L:\New Restauraunt Pos\src\RestaurantPOS14\RestaurantPOS14.vbproj]
L:\New Restauraunt Pos\src\RestaurantPOS14\RestaurantPOS14\frmPOS.vb(21133,205): warning BC42030: Variable 'uinKOT' is passed by reference before it has been assigned a value. A null reference exception could result at runtime. [L:\New Restauraunt Pos\src\RestaurantPOS14\RestaurantPOS14.vbproj]
L:\New Restauraunt Pos\src\RestaurantPOS14\RestaurantPOS14\frmPOS.vb(21133,213): warning BC42030: Variable 'qrKOT' is passed by reference before it has been assigned a value. A null reference exception could result at runtime. [L:\New Restauraunt Pos\src\RestaurantPOS14\RestaurantPOS14.vbproj]
L:\New Restauraunt Pos\src\RestaurantPOS14\RestaurantPOS14\frmPOS.vb(21250,200): warning BC42030: Variable 'uinTA' is passed by reference before it has been assigned a value. A null reference exception could result at runtime. [L:\New Restauraunt Pos\src\RestaurantPOS14\RestaurantPOS14.vbproj]
L:\New Restauraunt Pos\src\RestaurantPOS14\RestaurantPOS14\frmPOS.vb(21250,207): warning BC42030: Variable 'qrTA' is passed by reference before it has been assigned a value. A null reference exception could result at runtime. [L:\New Restauraunt Pos\src\RestaurantPOS14\RestaurantPOS14.vbproj]
L:\New Restauraunt Pos\src\RestaurantPOS14\RestaurantPOS14\frmPOS.vb(21380,200): warning BC42030: Variable 'uinHD' is passed by reference before it has been assigned a value. A null reference exception could result at runtime. [L:\New Restauraunt Pos\src\RestaurantPOS14\RestaurantPOS14.vbproj]
L:\New Restauraunt Pos\src\RestaurantPOS14\RestaurantPOS14\frmPOS.vb(21380,207): warning BC42030: Variable 'qrHD' is passed by reference before it has been assigned a value. A null reference exception could result at runtime. [L:\New Restauraunt Pos\src\RestaurantPOS14\RestaurantPOS14.vbproj]
L:\New Restauraunt Pos\src\RestaurantPOS14\RestaurantPOS14\frmPOS.vb(23988,200): warning BC42030: Variable 'uinEB' is passed by reference before it has been assigned a value. A null reference exception could result at runtime. [L:\New Restauraunt Pos\src\RestaurantPOS14\RestaurantPOS14.vbproj]
L:\New Restauraunt Pos\src\RestaurantPOS14\RestaurantPOS14\frmPOS.vb(23988,207): warning BC42030: Variable 'qrEB' is passed by reference before it has been assigned a value. A null reference exception could result at runtime. [L:\New Restauraunt Pos\src\RestaurantPOS14\RestaurantPOS14.vbproj]
L:\New Restauraunt Pos\src\RestaurantPOS14\RestaurantPOS14\frmPOS.vb(25786,32): warning BC42356: This async method lacks 'Await' operators and so will run synchronously. Consider using the 'Await' operator to await non-blocking API calls, or 'Await Task.Run(...)' to do CPU-bound work on a background thread. [L:\New Restauraunt Pos\src\RestaurantPOS14\RestaurantPOS14.vbproj]
  RestaurantPOS14 -> L:\New Restauraunt Pos\src\RestaurantPOS14\bin\Debug\RestaurantPOS14.exe
