SqlConnectionSucceeded=True
SqlDataSource=PRO\LOL
SqlDatabase=RPOS_DB
SqlServerVersion=10.50.4000
SqlUserTableCount=104
SqlTable.Hotel=True
SqlTable.OtherSetting=True
SqlTable.PosPrinterSetting=True
SqlTable.RestaurantPOS_BillingInfoKOT=True
SqlTable.RestaurantPOS_OrderedProductKOT=True
PaymentDryRunSucceeded=True
PrintDryRunSucceeded=True
IntegrationDryRunSucceeded=True
CrystalReportLoadSucceeded=True
CrystalReportResource=RestaurantPOS14.rptCreditCustomerBalance.rpt
CrystalReportTables=1
CrystalReportParameters=0
CrystalReportSections=5
CrystalViewerHandleCreated=True
OperationalSmokeSucceeded=True
