  Determining projects to restore...
  All projects are up-to-date for restore.
L:\New Restauraunt Pos\src\RestaurantPOS14\RestaurantPOS14\frmKDS.vb(427,21): error BC30035: Syntax error. [L:\New Restauraunt Pos\src\RestaurantPOS14\RestaurantPOS14.vbproj]
L:\New Restauraunt Pos\src\RestaurantPOS14\RestaurantPOS14\frmTableLayoutSettings.vb(540,13): error BC30035: Syntax error. [L:\New Restauraunt Pos\src\RestaurantPOS14\RestaurantPOS14.vbproj]
L:\New Restauraunt Pos\src\RestaurantPOS14\RestaurantPOS14\frmSqlServerSetting.vb(957,17): error BC30035: Syntax error. [L:\New Restauraunt Pos\src\RestaurantPOS14\RestaurantPOS14.vbproj]
L:\New Restauraunt Pos\src\RestaurantPOS14\RestaurantPOS14\ModFunc.vb(910,5): error BC30460: 'End Class' must be preceded by a matching 'Class'. [L:\New Restauraunt Pos\src\RestaurantPOS14\RestaurantPOS14.vbproj]
L:\New Restauraunt Pos\src\RestaurantPOS14\RestaurantPOS14\modPanelExtension.vb(11,31): error BC30183: Keyword is not valid as an identifier. [L:\New Restauraunt Pos\src\RestaurantPOS14\RestaurantPOS14.vbproj]
L:\New Restauraunt Pos\src\RestaurantPOS14\RestaurantPOS14\modPanelExtension.vb(17,29): error BC30183: Keyword is not valid as an identifier. [L:\New Restauraunt Pos\src\RestaurantPOS14\RestaurantPOS14.vbproj]
L:\New Restauraunt Pos\src\RestaurantPOS14\RestaurantPOS14\rptPOSA4.vb(11,5): error BC30481: 'Class' statement must end with a matching 'End Class'. [L:\New Restauraunt Pos\src\RestaurantPOS14\RestaurantPOS14.vbproj]
L:\New Restauraunt Pos\src\RestaurantPOS14\RestaurantPOS14\rptReceipt.vb(12,5): error BC30481: 'Class' statement must end with a matching 'End Class'. [L:\New Restauraunt Pos\src\RestaurantPOS14\RestaurantPOS14.vbproj]
L:\New Restauraunt Pos\src\RestaurantPOS14\RestaurantPOS14\rptRPOS.vb(11,5): error BC30481: 'Class' statement must end with a matching 'End Class'. [L:\New Restauraunt Pos\src\RestaurantPOS14\RestaurantPOS14.vbproj]
L:\New Restauraunt Pos\src\RestaurantPOS14\RestaurantPOS14\rptReceiptTP.vb(12,5): error BC30481: 'Class' statement must end with a matching 'End Class'. [L:\New Restauraunt Pos\src\RestaurantPOS14\RestaurantPOS14.vbproj]
L:\New Restauraunt Pos\src\RestaurantPOS14\RestaurantPOS14\rptRPOS1.vb(12,5): error BC30481: 'Class' statement must end with a matching 'End Class'. [L:\New Restauraunt Pos\src\RestaurantPOS14\RestaurantPOS14.vbproj]
L:\New Restauraunt Pos\src\RestaurantPOS14\RestaurantPOS14\rptRestaurantPOSEBInvoice.vb(11,5): error BC30481: 'Class' statement must end with a matching 'End Class'. [L:\New Restauraunt Pos\src\RestaurantPOS14\RestaurantPOS14.vbproj]
L:\New Restauraunt Pos\src\RestaurantPOS14\RestaurantPOS14\rptRPOS2.vb(11,5): error BC30481: 'Class' statement must end with a matching 'End Class'. [L:\New Restauraunt Pos\src\RestaurantPOS14\RestaurantPOS14.vbproj]
L:\New Restauraunt Pos\src\RestaurantPOS14\RestaurantPOS14\rptRestaurantPOSFinalBillKOTInvoice.vb(12,5): error BC30481: 'Class' statement must end with a matching 'End Class'. [L:\New Restauraunt Pos\src\RestaurantPOS14\RestaurantPOS14.vbproj]
L:\New Restauraunt Pos\src\RestaurantPOS14\RestaurantPOS14\rptRestaurantPOSHDInvoice.vb(12,5): error BC30481: 'Class' statement must end with a matching 'End Class'. [L:\New Restauraunt Pos\src\RestaurantPOS14\RestaurantPOS14.vbproj]
L:\New Restauraunt Pos\src\RestaurantPOS14\RestaurantPOS14\rptRestaurantPOSKOTInvoice_Kitchen.vb(11,5): error BC30481: 'Class' statement must end with a matching 'End Class'. [L:\New Restauraunt Pos\src\RestaurantPOS14\RestaurantPOS14.vbproj]
L:\New Restauraunt Pos\src\RestaurantPOS14\RestaurantPOS14\rptRestaurantPOSTAInvoice.vb(11,5): error BC30481: 'Class' statement must end with a matching 'End Class'. [L:\New Restauraunt Pos\src\RestaurantPOS14\RestaurantPOS14.vbproj]
L:\New Restauraunt Pos\src\RestaurantPOS14\RestaurantPOS14\frmPOS.vb(24057,17): error BC36007: 'End Using' must be preceded by a matching 'Using'. [L:\New Restauraunt Pos\src\RestaurantPOS14\RestaurantPOS14.vbproj]
L:\New Restauraunt Pos\src\RestaurantPOS14\RestaurantPOS14\rptRestaurantPOSUpdatedKOTInvoice_Kitchen.vb(11,5): error BC30481: 'Class' statement must end with a matching 'End Class'. [L:\New Restauraunt Pos\src\RestaurantPOS14\RestaurantPOS14.vbproj]
L:\New Restauraunt Pos\src\RestaurantPOS14\RestaurantPOS14\rptRestaurantPOSVoidKOT_Kitchen.vb(11,5): error BC30481: 'Class' statement must end with a matching 'End Class'. [L:\New Restauraunt Pos\src\RestaurantPOS14\RestaurantPOS14.vbproj]
L:\New Restauraunt Pos\src\RestaurantPOS14\RestaurantPOS14\frmPOS.vb(25854,21): error BC30035: Syntax error. [L:\New Restauraunt Pos\src\RestaurantPOS14\RestaurantPOS14.vbproj]
L:\New Restauraunt Pos\src\RestaurantPOS14\RestaurantPOS14\frmPOS.vb(25923,21): error BC30035: Syntax error. [L:\New Restauraunt Pos\src\RestaurantPOS14\RestaurantPOS14.vbproj]
L:\New Restauraunt Pos\src\RestaurantPOS14\RestaurantPOS14\frmPOSReport.vb(1456,13): error BC30689: Statement cannot appear outside of a method body. [L:\New Restauraunt Pos\src\RestaurantPOS14\RestaurantPOS14.vbproj]
L:\New Restauraunt Pos\src\RestaurantPOS14\RestaurantPOS14\frmPOSReport.vb(1457,9): error BC30429: 'End Sub' must be preceded by a matching 'Sub'. [L:\New Restauraunt Pos\src\RestaurantPOS14\RestaurantPOS14.vbproj]
L:\New Restauraunt Pos\src\RestaurantPOS14\RestaurantPOS14\frmPOSReport.vb(1862,13): error BC30689: Statement cannot appear outside of a method body. [L:\New Restauraunt Pos\src\RestaurantPOS14\RestaurantPOS14.vbproj]
L:\New Restauraunt Pos\src\RestaurantPOS14\RestaurantPOS14\frmPOSReport.vb(1863,17): error BC30689: Statement cannot appear outside of a method body. [L:\New Restauraunt Pos\src\RestaurantPOS14\RestaurantPOS14.vbproj]
L:\New Restauraunt Pos\src\RestaurantPOS14\RestaurantPOS14\frmPOSReport.vb(1864,17): error BC30689: Statement cannot appear outside of a method body. [L:\New Restauraunt Pos\src\RestaurantPOS14\RestaurantPOS14.vbproj]
L:\New Restauraunt Pos\src\RestaurantPOS14\RestaurantPOS14\frmPOSReport.vb(1865,17): error BC30689: Statement cannot appear outside of a method body. [L:\New Restauraunt Pos\src\RestaurantPOS14\RestaurantPOS14.vbproj]
L:\New Restauraunt Pos\src\RestaurantPOS14\RestaurantPOS14\frmPOSReport.vb(1866,17): error BC30188: Declaration expected. [L:\New Restauraunt Pos\src\RestaurantPOS14\RestaurantPOS14.vbproj]
L:\New Restauraunt Pos\src\RestaurantPOS14\RestaurantPOS14\frmPOSReport.vb(1867,17): error BC30188: Declaration expected. [L:\New Restauraunt Pos\src\RestaurantPOS14\RestaurantPOS14.vbproj]
L:\New Restauraunt Pos\src\RestaurantPOS14\RestaurantPOS14\frmPOSReport.vb(1869,17): error BC30188: Declaration expected. [L:\New Restauraunt Pos\src\RestaurantPOS14\RestaurantPOS14.vbproj]
L:\New Restauraunt Pos\src\RestaurantPOS14\RestaurantPOS14\frmPOSReport.vb(1870,17): error BC30188: Declaration expected. [L:\New Restauraunt Pos\src\RestaurantPOS14\RestaurantPOS14.vbproj]
L:\New Restauraunt Pos\src\RestaurantPOS14\RestaurantPOS14\frmPOSReport.vb(1871,17): error BC30188: Declaration expected. [L:\New Restauraunt Pos\src\RestaurantPOS14\RestaurantPOS14.vbproj]
L:\New Restauraunt Pos\src\RestaurantPOS14\RestaurantPOS14\frmPOSReport.vb(1872,17): error BC30188: Declaration expected. [L:\New Restauraunt Pos\src\RestaurantPOS14\RestaurantPOS14.vbproj]
L:\New Restauraunt Pos\src\RestaurantPOS14\RestaurantPOS14\frmPOSReport.vb(1873,17): error BC30188: Declaration expected. [L:\New Restauraunt Pos\src\RestaurantPOS14\RestaurantPOS14.vbproj]
L:\New Restauraunt Pos\src\RestaurantPOS14\RestaurantPOS14\frmPOSReport.vb(1874,17): error BC30689: Statement cannot appear outside of a method body. [L:\New Restauraunt Pos\src\RestaurantPOS14\RestaurantPOS14.vbproj]
L:\New Restauraunt Pos\src\RestaurantPOS14\RestaurantPOS14\frmPOSReport.vb(1875,21): error BC30689: Statement cannot appear outside of a method body. [L:\New Restauraunt Pos\src\RestaurantPOS14\RestaurantPOS14.vbproj]
L:\New Restauraunt Pos\src\RestaurantPOS14\RestaurantPOS14\frmPOSReport.vb(1876,21): error BC30689: Statement cannot appear outside of a method body. [L:\New Restauraunt Pos\src\RestaurantPOS14\RestaurantPOS14.vbproj]
L:\New Restauraunt Pos\src\RestaurantPOS14\RestaurantPOS14\frmPOSReport.vb(1877,25): error BC30188: Declaration expected. [L:\New Restauraunt Pos\src\RestaurantPOS14\RestaurantPOS14.vbproj]
L:\New Restauraunt Pos\src\RestaurantPOS14\RestaurantPOS14\frmPOSReport.vb(1878,21): error BC30087: 'End If' must be preceded by a matching 'If'. [L:\New Restauraunt Pos\src\RestaurantPOS14\RestaurantPOS14.vbproj]
L:\New Restauraunt Pos\src\RestaurantPOS14\RestaurantPOS14\frmPOSReport.vb(1880,21): error BC30689: Statement cannot appear outside of a method body. [L:\New Restauraunt Pos\src\RestaurantPOS14\RestaurantPOS14.vbproj]
L:\New Restauraunt Pos\src\RestaurantPOS14\RestaurantPOS14\frmPOSReport.vb(1881,17): error BC30087: 'End If' must be preceded by a matching 'If'. [L:\New Restauraunt Pos\src\RestaurantPOS14\RestaurantPOS14.vbproj]
L:\New Restauraunt Pos\src\RestaurantPOS14\RestaurantPOS14\frmPOSReport.vb(1883,17): error BC30689: Statement cannot appear outside of a method body. [L:\New Restauraunt Pos\src\RestaurantPOS14\RestaurantPOS14.vbproj]
L:\New Restauraunt Pos\src\RestaurantPOS14\RestaurantPOS14\frmPOSReport.vb(1884,17): error BC30188: Declaration expected. [L:\New Restauraunt Pos\src\RestaurantPOS14\RestaurantPOS14.vbproj]
L:\New Restauraunt Pos\src\RestaurantPOS14\RestaurantPOS14\frmPOSReport.vb(1885,17): error BC30188: Declaration expected. [L:\New Restauraunt Pos\src\RestaurantPOS14\RestaurantPOS14.vbproj]
L:\New Restauraunt Pos\src\RestaurantPOS14\RestaurantPOS14\frmPOSReport.vb(1888,17): error BC30188: Declaration expected. [L:\New Restauraunt Pos\src\RestaurantPOS14\RestaurantPOS14.vbproj]
L:\New Restauraunt Pos\src\RestaurantPOS14\RestaurantPOS14\frmPOSReport.vb(1889,17): error BC30188: Declaration expected. [L:\New Restauraunt Pos\src\RestaurantPOS14\RestaurantPOS14.vbproj]
L:\New Restauraunt Pos\src\RestaurantPOS14\RestaurantPOS14\frmPOSReport.vb(1890,17): error BC30188: Declaration expected. [L:\New Restauraunt Pos\src\RestaurantPOS14\RestaurantPOS14.vbproj]
L:\New Restauraunt Pos\src\RestaurantPOS14\RestaurantPOS14\frmPOSReport.vb(1894,17): error BC30188: Declaration expected. [L:\New Restauraunt Pos\src\RestaurantPOS14\RestaurantPOS14.vbproj]
L:\New Restauraunt Pos\src\RestaurantPOS14\RestaurantPOS14\frmPOSReport.vb(1895,17): error BC30188: Declaration expected. [L:\New Restauraunt Pos\src\RestaurantPOS14\RestaurantPOS14.vbproj]
L:\New Restauraunt Pos\src\RestaurantPOS14\RestaurantPOS14\frmPOSReport.vb(1897,17): error BC30188: Declaration expected. [L:\New Restauraunt Pos\src\RestaurantPOS14\RestaurantPOS14.vbproj]
L:\New Restauraunt Pos\src\RestaurantPOS14\RestaurantPOS14\frmPOSReport.vb(1898,17): error BC30188: Declaration expected. [L:\New Restauraunt Pos\src\RestaurantPOS14\RestaurantPOS14.vbproj]
L:\New Restauraunt Pos\src\RestaurantPOS14\RestaurantPOS14\frmPOSReport.vb(1899,17): error BC30188: Declaration expected. [L:\New Restauraunt Pos\src\RestaurantPOS14\RestaurantPOS14.vbproj]
L:\New Restauraunt Pos\src\RestaurantPOS14\RestaurantPOS14\frmPOSReport.vb(1901,17): error BC30188: Declaration expected. [L:\New Restauraunt Pos\src\RestaurantPOS14\RestaurantPOS14.vbproj]
L:\New Restauraunt Pos\src\RestaurantPOS14\RestaurantPOS14\frmPOSReport.vb(1902,17): error BC30188: Declaration expected. [L:\New Restauraunt Pos\src\RestaurantPOS14\RestaurantPOS14.vbproj]
L:\New Restauraunt Pos\src\RestaurantPOS14\RestaurantPOS14\frmPOSReport.vb(1903,17): error BC30188: Declaration expected. [L:\New Restauraunt Pos\src\RestaurantPOS14\RestaurantPOS14.vbproj]
L:\New Restauraunt Pos\src\RestaurantPOS14\RestaurantPOS14\frmPOSReport.vb(1904,17): error BC30188: Declaration expected. [L:\New Restauraunt Pos\src\RestaurantPOS14\RestaurantPOS14.vbproj]
L:\New Restauraunt Pos\src\RestaurantPOS14\RestaurantPOS14\frmPOSReport.vb(1905,17): error BC30188: Declaration expected. [L:\New Restauraunt Pos\src\RestaurantPOS14\RestaurantPOS14.vbproj]
L:\New Restauraunt Pos\src\RestaurantPOS14\RestaurantPOS14\frmPOSReport.vb(1906,13): error BC30689: Statement cannot appear outside of a method body. [L:\New Restauraunt Pos\src\RestaurantPOS14\RestaurantPOS14.vbproj]
L:\New Restauraunt Pos\src\RestaurantPOS14\RestaurantPOS14\frmPOSReport.vb(1907,17): error BC30689: Statement cannot appear outside of a method body. [L:\New Restauraunt Pos\src\RestaurantPOS14\RestaurantPOS14.vbproj]
L:\New Restauraunt Pos\src\RestaurantPOS14\RestaurantPOS14\frmPOSReport.vb(1908,13): error BC30383: 'End Try' must be preceded by a matching 'Try'. [L:\New Restauraunt Pos\src\RestaurantPOS14\RestaurantPOS14.vbproj]
L:\New Restauraunt Pos\src\RestaurantPOS14\RestaurantPOS14\frmPOSReport.vb(1909,9): error BC30429: 'End Sub' must be preceded by a matching 'Sub'. [L:\New Restauraunt Pos\src\RestaurantPOS14\RestaurantPOS14.vbproj]

Build FAILED.

L:\New Restauraunt Pos\src\RestaurantPOS14\RestaurantPOS14\frmKDS.vb(427,21): error BC30035: Syntax error. [L:\New Restauraunt Pos\src\RestaurantPOS14\RestaurantPOS14.vbproj]
L:\New Restauraunt Pos\src\RestaurantPOS14\RestaurantPOS14\frmTableLayoutSettings.vb(540,13): error BC30035: Syntax error. [L:\New Restauraunt Pos\src\RestaurantPOS14\RestaurantPOS14.vbproj]
L:\New Restauraunt Pos\src\RestaurantPOS14\RestaurantPOS14\frmSqlServerSetting.vb(957,17): error BC30035: Syntax error. [L:\New Restauraunt Pos\src\RestaurantPOS14\RestaurantPOS14.vbproj]
L:\New Restauraunt Pos\src\RestaurantPOS14\RestaurantPOS14\ModFunc.vb(910,5): error BC30460: 'End Class' must be preceded by a matching 'Class'. [L:\New Restauraunt Pos\src\RestaurantPOS14\RestaurantPOS14.vbproj]
L:\New Restauraunt Pos\src\RestaurantPOS14\RestaurantPOS14\modPanelExtension.vb(11,31): error BC30183: Keyword is not valid as an identifier. [L:\New Restauraunt Pos\src\RestaurantPOS14\RestaurantPOS14.vbproj]
L:\New Restauraunt Pos\src\RestaurantPOS14\RestaurantPOS14\modPanelExtension.vb(17,29): error BC30183: Keyword is not valid as an identifier. [L:\New Restauraunt Pos\src\RestaurantPOS14\RestaurantPOS14.vbproj]
L:\New Restauraunt Pos\src\RestaurantPOS14\RestaurantPOS14\rptPOSA4.vb(11,5): error BC30481: 'Class' statement must end with a matching 'End Class'. [L:\New Restauraunt Pos\src\RestaurantPOS14\RestaurantPOS14.vbproj]
L:\New Restauraunt Pos\src\RestaurantPOS14\RestaurantPOS14\rptReceipt.vb(12,5): error BC30481: 'Class' statement must end with a matching 'End Class'. [L:\New Restauraunt Pos\src\RestaurantPOS14\RestaurantPOS14.vbproj]
L:\New Restauraunt Pos\src\RestaurantPOS14\RestaurantPOS14\rptRPOS.vb(11,5): error BC30481: 'Class' statement must end with a matching 'End Class'. [L:\New Restauraunt Pos\src\RestaurantPOS14\RestaurantPOS14.vbproj]
L:\New Restauraunt Pos\src\RestaurantPOS14\RestaurantPOS14\rptReceiptTP.vb(12,5): error BC30481: 'Class' statement must end with a matching 'End Class'. [L:\New Restauraunt Pos\src\RestaurantPOS14\RestaurantPOS14.vbproj]
L:\New Restauraunt Pos\src\RestaurantPOS14\RestaurantPOS14\rptRPOS1.vb(12,5): error BC30481: 'Class' statement must end with a matching 'End Class'. [L:\New Restauraunt Pos\src\RestaurantPOS14\RestaurantPOS14.vbproj]
L:\New Restauraunt Pos\src\RestaurantPOS14\RestaurantPOS14\rptRestaurantPOSEBInvoice.vb(11,5): error BC30481: 'Class' statement must end with a matching 'End Class'. [L:\New Restauraunt Pos\src\RestaurantPOS14\RestaurantPOS14.vbproj]
L:\New Restauraunt Pos\src\RestaurantPOS14\RestaurantPOS14\rptRPOS2.vb(11,5): error BC30481: 'Class' statement must end with a matching 'End Class'. [L:\New Restauraunt Pos\src\RestaurantPOS14\RestaurantPOS14.vbproj]
L:\New Restauraunt Pos\src\RestaurantPOS14\RestaurantPOS14\rptRestaurantPOSFinalBillKOTInvoice.vb(12,5): error BC30481: 'Class' statement must end with a matching 'End Class'. [L:\New Restauraunt Pos\src\RestaurantPOS14\RestaurantPOS14.vbproj]
L:\New Restauraunt Pos\src\RestaurantPOS14\RestaurantPOS14\rptRestaurantPOSHDInvoice.vb(12,5): error BC30481: 'Class' statement must end with a matching 'End Class'. [L:\New Restauraunt Pos\src\RestaurantPOS14\RestaurantPOS14.vbproj]
L:\New Restauraunt Pos\src\RestaurantPOS14\RestaurantPOS14\rptRestaurantPOSKOTInvoice_Kitchen.vb(11,5): error BC30481: 'Class' statement must end with a matching 'End Class'. [L:\New Restauraunt Pos\src\RestaurantPOS14\RestaurantPOS14.vbproj]
L:\New Restauraunt Pos\src\RestaurantPOS14\RestaurantPOS14\rptRestaurantPOSTAInvoice.vb(11,5): error BC30481: 'Class' statement must end with a matching 'End Class'. [L:\New Restauraunt Pos\src\RestaurantPOS14\RestaurantPOS14.vbproj]
L:\New Restauraunt Pos\src\RestaurantPOS14\RestaurantPOS14\frmPOS.vb(24057,17): error BC36007: 'End Using' must be preceded by a matching 'Using'. [L:\New Restauraunt Pos\src\RestaurantPOS14\RestaurantPOS14.vbproj]
L:\New Restauraunt Pos\src\RestaurantPOS14\RestaurantPOS14\rptRestaurantPOSUpdatedKOTInvoice_Kitchen.vb(11,5): error BC30481: 'Class' statement must end with a matching 'End Class'. [L:\New Restauraunt Pos\src\RestaurantPOS14\RestaurantPOS14.vbproj]
L:\New Restauraunt Pos\src\RestaurantPOS14\RestaurantPOS14\rptRestaurantPOSVoidKOT_Kitchen.vb(11,5): error BC30481: 'Class' statement must end with a matching 'End Class'. [L:\New Restauraunt Pos\src\RestaurantPOS14\RestaurantPOS14.vbproj]
L:\New Restauraunt Pos\src\RestaurantPOS14\RestaurantPOS14\frmPOS.vb(25854,21): error BC30035: Syntax error. [L:\New Restauraunt Pos\src\RestaurantPOS14\RestaurantPOS14.vbproj]
L:\New Restauraunt Pos\src\RestaurantPOS14\RestaurantPOS14\frmPOS.vb(25923,21): error BC30035: Syntax error. [L:\New Restauraunt Pos\src\RestaurantPOS14\RestaurantPOS14.vbproj]
L:\New Restauraunt Pos\src\RestaurantPOS14\RestaurantPOS14\frmPOSReport.vb(1456,13): error BC30689: Statement cannot appear outside of a method body. [L:\New Restauraunt Pos\src\RestaurantPOS14\RestaurantPOS14.vbproj]
L:\New Restauraunt Pos\src\RestaurantPOS14\RestaurantPOS14\frmPOSReport.vb(1457,9): error BC30429: 'End Sub' must be preceded by a matching 'Sub'. [L:\New Restauraunt Pos\src\RestaurantPOS14\RestaurantPOS14.vbproj]
L:\New Restauraunt Pos\src\RestaurantPOS14\RestaurantPOS14\frmPOSReport.vb(1862,13): error BC30689: Statement cannot appear outside of a method body. [L:\New Restauraunt Pos\src\RestaurantPOS14\RestaurantPOS14.vbproj]
L:\New Restauraunt Pos\src\RestaurantPOS14\RestaurantPOS14\frmPOSReport.vb(1863,17): error BC30689: Statement cannot appear outside of a method body. [L:\New Restauraunt Pos\src\RestaurantPOS14\RestaurantPOS14.vbproj]
L:\New Restauraunt Pos\src\RestaurantPOS14\RestaurantPOS14\frmPOSReport.vb(1864,17): error BC30689: Statement cannot appear outside of a method body. [L:\New Restauraunt Pos\src\RestaurantPOS14\RestaurantPOS14.vbproj]
L:\New Restauraunt Pos\src\RestaurantPOS14\RestaurantPOS14\frmPOSReport.vb(1865,17): error BC30689: Statement cannot appear outside of a method body. [L:\New Restauraunt Pos\src\RestaurantPOS14\RestaurantPOS14.vbproj]
L:\New Restauraunt Pos\src\RestaurantPOS14\RestaurantPOS14\frmPOSReport.vb(1866,17): error BC30188: Declaration expected. [L:\New Restauraunt Pos\src\RestaurantPOS14\RestaurantPOS14.vbproj]
L:\New Restauraunt Pos\src\RestaurantPOS14\RestaurantPOS14\frmPOSReport.vb(1867,17): error BC30188: Declaration expected. [L:\New Restauraunt Pos\src\RestaurantPOS14\RestaurantPOS14.vbproj]
L:\New Restauraunt Pos\src\RestaurantPOS14\RestaurantPOS14\frmPOSReport.vb(1869,17): error BC30188: Declaration expected. [L:\New Restauraunt Pos\src\RestaurantPOS14\RestaurantPOS14.vbproj]
L:\New Restauraunt Pos\src\RestaurantPOS14\RestaurantPOS14\frmPOSReport.vb(1870,17): error BC30188: Declaration expected. [L:\New Restauraunt Pos\src\RestaurantPOS14\RestaurantPOS14.vbproj]
L:\New Restauraunt Pos\src\RestaurantPOS14\RestaurantPOS14\frmPOSReport.vb(1871,17): error BC30188: Declaration expected. [L:\New Restauraunt Pos\src\RestaurantPOS14\RestaurantPOS14.vbproj]
L:\New Restauraunt Pos\src\RestaurantPOS14\RestaurantPOS14\frmPOSReport.vb(1872,17): error BC30188: Declaration expected. [L:\New Restauraunt Pos\src\RestaurantPOS14\RestaurantPOS14.vbproj]
L:\New Restauraunt Pos\src\RestaurantPOS14\RestaurantPOS14\frmPOSReport.vb(1873,17): error BC30188: Declaration expected. [L:\New Restauraunt Pos\src\RestaurantPOS14\RestaurantPOS14.vbproj]
L:\New Restauraunt Pos\src\RestaurantPOS14\RestaurantPOS14\frmPOSReport.vb(1874,17): error BC30689: Statement cannot appear outside of a method body. [L:\New Restauraunt Pos\src\RestaurantPOS14\RestaurantPOS14.vbproj]
L:\New Restauraunt Pos\src\RestaurantPOS14\RestaurantPOS14\frmPOSReport.vb(1875,21): error BC30689: Statement cannot appear outside of a method body. [L:\New Restauraunt Pos\src\RestaurantPOS14\RestaurantPOS14.vbproj]
L:\New Restauraunt Pos\src\RestaurantPOS14\RestaurantPOS14\frmPOSReport.vb(1876,21): error BC30689: Statement cannot appear outside of a method body. [L:\New Restauraunt Pos\src\RestaurantPOS14\RestaurantPOS14.vbproj]
L:\New Restauraunt Pos\src\RestaurantPOS14\RestaurantPOS14\frmPOSReport.vb(1877,25): error BC30188: Declaration expected. [L:\New Restauraunt Pos\src\RestaurantPOS14\RestaurantPOS14.vbproj]
L:\New Restauraunt Pos\src\RestaurantPOS14\RestaurantPOS14\frmPOSReport.vb(1878,21): error BC30087: 'End If' must be preceded by a matching 'If'. [L:\New Restauraunt Pos\src\RestaurantPOS14\RestaurantPOS14.vbproj]
L:\New Restauraunt Pos\src\RestaurantPOS14\RestaurantPOS14\frmPOSReport.vb(1880,21): error BC30689: Statement cannot appear outside of a method body. [L:\New Restauraunt Pos\src\RestaurantPOS14\RestaurantPOS14.vbproj]
L:\New Restauraunt Pos\src\RestaurantPOS14\RestaurantPOS14\frmPOSReport.vb(1881,17): error BC30087: 'End If' must be preceded by a matching 'If'. [L:\New Restauraunt Pos\src\RestaurantPOS14\RestaurantPOS14.vbproj]
L:\New Restauraunt Pos\src\RestaurantPOS14\RestaurantPOS14\frmPOSReport.vb(1883,17): error BC30689: Statement cannot appear outside of a method body. [L:\New Restauraunt Pos\src\RestaurantPOS14\RestaurantPOS14.vbproj]
L:\New Restauraunt Pos\src\RestaurantPOS14\RestaurantPOS14\frmPOSReport.vb(1884,17): error BC30188: Declaration expected. [L:\New Restauraunt Pos\src\RestaurantPOS14\RestaurantPOS14.vbproj]
L:\New Restauraunt Pos\src\RestaurantPOS14\RestaurantPOS14\frmPOSReport.vb(1885,17): error BC30188: Declaration expected. [L:\New Restauraunt Pos\src\RestaurantPOS14\RestaurantPOS14.vbproj]
L:\New Restauraunt Pos\src\RestaurantPOS14\RestaurantPOS14\frmPOSReport.vb(1888,17): error BC30188: Declaration expected. [L:\New Restauraunt Pos\src\RestaurantPOS14\RestaurantPOS14.vbproj]
L:\New Restauraunt Pos\src\RestaurantPOS14\RestaurantPOS14\frmPOSReport.vb(1889,17): error BC30188: Declaration expected. [L:\New Restauraunt Pos\src\RestaurantPOS14\RestaurantPOS14.vbproj]
L:\New Restauraunt Pos\src\RestaurantPOS14\RestaurantPOS14\frmPOSReport.vb(1890,17): error BC30188: Declaration expected. [L:\New Restauraunt Pos\src\RestaurantPOS14\RestaurantPOS14.vbproj]
L:\New Restauraunt Pos\src\RestaurantPOS14\RestaurantPOS14\frmPOSReport.vb(1894,17): error BC30188: Declaration expected. [L:\New Restauraunt Pos\src\RestaurantPOS14\RestaurantPOS14.vbproj]
L:\New Restauraunt Pos\src\RestaurantPOS14\RestaurantPOS14\frmPOSReport.vb(1895,17): error BC30188: Declaration expected. [L:\New Restauraunt Pos\src\RestaurantPOS14\RestaurantPOS14.vbproj]
L:\New Restauraunt Pos\src\RestaurantPOS14\RestaurantPOS14\frmPOSReport.vb(1897,17): error BC30188: Declaration expected. [L:\New Restauraunt Pos\src\RestaurantPOS14\RestaurantPOS14.vbproj]
L:\New Restauraunt Pos\src\RestaurantPOS14\RestaurantPOS14\frmPOSReport.vb(1898,17): error BC30188: Declaration expected. [L:\New Restauraunt Pos\src\RestaurantPOS14\RestaurantPOS14.vbproj]
L:\New Restauraunt Pos\src\RestaurantPOS14\RestaurantPOS14\frmPOSReport.vb(1899,17): error BC30188: Declaration expected. [L:\New Restauraunt Pos\src\RestaurantPOS14\RestaurantPOS14.vbproj]
L:\New Restauraunt Pos\src\RestaurantPOS14\RestaurantPOS14\frmPOSReport.vb(1901,17): error BC30188: Declaration expected. [L:\New Restauraunt Pos\src\RestaurantPOS14\RestaurantPOS14.vbproj]
L:\New Restauraunt Pos\src\RestaurantPOS14\RestaurantPOS14\frmPOSReport.vb(1902,17): error BC30188: Declaration expected. [L:\New Restauraunt Pos\src\RestaurantPOS14\RestaurantPOS14.vbproj]
L:\New Restauraunt Pos\src\RestaurantPOS14\RestaurantPOS14\frmPOSReport.vb(1903,17): error BC30188: Declaration expected. [L:\New Restauraunt Pos\src\RestaurantPOS14\RestaurantPOS14.vbproj]
L:\New Restauraunt Pos\src\RestaurantPOS14\RestaurantPOS14\frmPOSReport.vb(1904,17): error BC30188: Declaration expected. [L:\New Restauraunt Pos\src\RestaurantPOS14\RestaurantPOS14.vbproj]
L:\New Restauraunt Pos\src\RestaurantPOS14\RestaurantPOS14\frmPOSReport.vb(1905,17): error BC30188: Declaration expected. [L:\New Restauraunt Pos\src\RestaurantPOS14\RestaurantPOS14.vbproj]
L:\New Restauraunt Pos\src\RestaurantPOS14\RestaurantPOS14\frmPOSReport.vb(1906,13): error BC30689: Statement cannot appear outside of a method body. [L:\New Restauraunt Pos\src\RestaurantPOS14\RestaurantPOS14.vbproj]
L:\New Restauraunt Pos\src\RestaurantPOS14\RestaurantPOS14\frmPOSReport.vb(1907,17): error BC30689: Statement cannot appear outside of a method body. [L:\New Restauraunt Pos\src\RestaurantPOS14\RestaurantPOS14.vbproj]
L:\New Restauraunt Pos\src\RestaurantPOS14\RestaurantPOS14\frmPOSReport.vb(1908,13): error BC30383: 'End Try' must be preceded by a matching 'Try'. [L:\New Restauraunt Pos\src\RestaurantPOS14\RestaurantPOS14.vbproj]
L:\New Restauraunt Pos\src\RestaurantPOS14\RestaurantPOS14\frmPOSReport.vb(1909,9): error BC30429: 'End Sub' must be preceded by a matching 'Sub'. [L:\New Restauraunt Pos\src\RestaurantPOS14\RestaurantPOS14.vbproj]
    0 Warning(s)
    62 Error(s)

Time Elapsed 00:00:01.29

Workload updates are available. Run `dotnet workload list` for more information.
